Time Options after Change:
 Change 1| 10:00
 Change 2| 10:15
 Change 3| 10:30
 Change 4| 10:45
 Change 5| 10:30
 Change 6| 10:15
 Change 7| 10:00
 Change 8| 10:45
 Change 9| 09:45
 Change 10| 08:45
 Change 11| 09:45
 Change 12| 10:45
 Change 13| 11:45
 Change 14| 12:45
 Change 15| 13:45
 Change 16| 03:14
